<?xml version="1.0" encoding="UTF-8"?>
<TestRun id="57829f4f-c4e9-4dfb-b820-7579435860d7" name="mwalfall@NETOPS-11465 2012-10-03 16:58:52" runUser="SSAD\mwalfall" xmlns="http://microsoft.com/schemas/VisualStudio/TeamTest/2010">
  <TestSettings name="Local" id="b9808095-73a6-495e-bb44-f42e87e9e984">
    <Description>These are default test settings for a local test run.</Description>
    <Deployment userDeploymentRoot="C:\Fleet-Management-RuleEngine\RuleEngine\TestResults" useDefaultDeploymentRoot="false" enabled="false" runDeploymentRoot="mwalfall_NETOPS-11465 2012-10-03 16_58_52">
      <DeploymentItem filename="C:\Fleet-Management-RuleEngine\RuleEngine\DataAccess\bin\Release\RulesDataAccess.dll" />
      <DeploymentItem filename="C:\Fleet-Management-RuleEngine\RuleEngine\Repository\bin\Release\RulesRepository.dll" />
      <DeploymentItem filename="C:\FleetPrototypes\RuleEnginePrototypeLocal\Domain\bin\Release\Domain.dll" />
      <DeploymentItem filename="C:\Fleet-Management-RuleEngine\RuleEngine\RuleEngine\bin\Release\RuleEngine.dll" />
      <DeploymentItem filename="C:\Fleet-Management-RuleEngine\RuleEngine\Rules\bin\Release\Rules.dll" />
    </Deployment>
    <Execution>
      <TestTypeSpecific />
      <AgentRule name="Execution Agents">
      </AgentRule>
    </Execution>
  </TestSettings>
  <Times creation="2012-10-03T16:58:52.9389095-04:00" queuing="2012-10-03T16:58:53.1629319-04:00" start="2012-10-03T16:58:53.2079364-04:00" finish="2012-10-03T16:58:55.7631919-04:00" />
  <ResultSummary outcome="Failed">
    <Counters total="1" executed="1" error="0" failed="1" timeout="0" aborted="0" inconclusive="0" passedButRunAborted="0" notRunnable="0" notExecuted="0" disconnected="0" warning="0" passed="0" completed="0" inProgress="0" pending="0" />
  </ResultSummary>
  <TestDefinitions>
    <UnitTest name="EditTest" storage="c:\fleet-management-ruleengine\ruleengine\ruleengine.test\bin\release\ruleengine.test.dll" id="6692c579-6cbf-236e-40c8-687e41ab887f">
      <Execution id="f3b350d1-f8b3-45ed-a7bd-96b8a059a4af" />
      <TestMethod codeBase="C:/Fleet-Management-RuleEngine/RuleEngine/RuleEngine.Test/bin/Release/RuleEngine.Test.DLL" adapterTypeName="Microsoft.VisualStudio.TestTools.TestTypes.Unit.UnitTestAdapter, Microsoft.VisualStudio.QualityTools.Tips.UnitTest.Adapter, Version=10.0.0.0, Culture=neutral, PublicKeyToken=b03f5f7f11d50a3a" className="RuleEngine.Test.ControllerTest, RuleEngine.Test, Version=1.0.0.0, Culture=neutral, PublicKeyToken=null" name="EditTest" />
    </UnitTest>
  </TestDefinitions>
  <TestLists>
    <TestList name="Results Not in a List" id="8c84fa94-04c1-424b-9868-57a2d4851a1d" />
    <TestList name="All Loaded Results" id="19431567-8539-422a-85d7-44ee4e166bda" />
  </TestLists>
  <TestEntries>
    <TestEntry testId="6692c579-6cbf-236e-40c8-687e41ab887f" executionId="f3b350d1-f8b3-45ed-a7bd-96b8a059a4af" testListId="8c84fa94-04c1-424b-9868-57a2d4851a1d" />
  </TestEntries>
  <Results>
    <UnitTestResult executionId="f3b350d1-f8b3-45ed-a7bd-96b8a059a4af" testId="6692c579-6cbf-236e-40c8-687e41ab887f" testName="EditTest" computerName="NETOPS-11465" duration="00:00:00.6158168" startTime="2012-10-03T16:58:53.2209377-04:00" endTime="2012-10-03T16:58:54.1910347-04:00" testType="13cdc9d9-ddb5-4fa4-a97d-d965ccfc6d4b" outcome="Failed" testListId="8c84fa94-04c1-424b-9868-57a2d4851a1d" relativeResultsDirectory="f3b350d1-f8b3-45ed-a7bd-96b8a059a4af">
      <Output>
        <ErrorInfo>
          <Message>Assert.AreEqual failed. Expected:&lt;False&gt;. Actual:&lt;True&gt;. </Message>
          <StackTrace>   at RuleEngine.Test.ControllerTest.EditTest() in C:\Fleet-Management-RuleEngine\RuleEngine\RuleEngine.Test\ControllerTest.cs:line 62
</StackTrace>
        </ErrorInfo>
      </Output>
    </UnitTestResult>
  </Results>
</TestRun>